[0.348741, 0.327767, 0.361143]
[0.283918, 0.329217, 0.395910]
[0.430980, 0.356945, 0.340160]
