[0.389684, 0.340814, 0.399850]
[0.361404, 0.395205, 0.507141]
[0.563908, 0.408008, 0.400010]
