[0.732121, 0.638194, 0.918791]
[0.564917, 0.631933, 0.813867]
[0.779833, 0.713867, 0.628784]
