[0.000000, 0.201071, 0.798929]
[0.000000, 0.667845, 0.332155]
0.351369
