[0.000000, 0.066685, 0.933315]
[0.000000, 0.893249, 0.106751]
0.407154
