[0.232671, 0.000000, 0.767329]
[0.000000, 0.793064, 0.206936]
0.696260
